geneSymbol,gencodeId,transcriptId,refseq
BSX,ENSG00000188909,ENST00000343035,NM_001098169
